// Jest Snapshot v1, https://goo.gl/fbAQLP

exports[`operators 1`] = `Array []`;
